start 07:25:31 harness 4033791 policy wait args: 
live target: creating scratch repo swarm-s3-tmn12j
# A/B run: seed 3, 40 tasks, overlap 0.5, 30 agents

Same seed, same tasks, same starting repository, same 300 ms of work per task.

| Metric | off: no coordination, plain git, red merges rolled back, local replay | on: Tessel (live coordinator, policy wait) |
|---|---|---|
| Tasks | 40 | 40 |
| Landed on the trunk | 14 | 40 |
| Rejected after the work was done | 26 | 0 |
| of which textual conflict | 22 | n/a |
| of which broke the build | 1 | n/a |
| of which broke the tests | 3 | n/a |
| Not finished (starved, timed out, failed, lapsed, disconnected, not run) | 0 | 0 |
| of which the claim lapsed (lease expired) | n/a | 0 |
| of which the agent's connection closed | n/a | 0 |
| Connection resets agents reopened | n/a | 0 |
| Claims denied outright (a denial is not a prevented conflict) | n/a | 0 |
| Claims queued behind a holder (wait policy) | n/a | 29 |
| Conflicts prevented, verified by shadow runs | n/a | n/a (no shadow run in this harness) |
| Held for review (not approved) | n/a | 0 |
| Review approvals (the only reviewer is the script) | n/a | 20 |
| Review rejections | n/a | 0 |
| Wall time (ms) | 14083 | 837059 |
| Landed per minute | 59.6 | 2.8 |
| Agent-minutes of work later rejected | 1.919 | 0.000 |
| Agent-minutes of work in total | 3.035 | 1.515 |

- `off` is a local replay. Its numbers are computed here from plain-git merges onto a trunk in task order with the tests run after each merge, and are not sent to any coordinator. A merge that breaks the build or the tests is rolled back, so each merge is judged on a green trunk. `Summary::from_events` over the replay's own events gives 40 merges and 26 conflicts.
- Every `on` count of the coordinator's behaviour comes from `Summary::from_events` over the coordinator's event log (274 events). "Rejected" and "queued" are counts of `SubmitRejected` and `WaitQueued` events in that log, which `Summary` has no field for.
- `off` models `--agents` agents working at once: task i branches from the trunk after tasks 1 to i minus agents were merged, as an agent that pulls before its next task would, and does not see work still in flight. Red merges are rolled back, so this harness does not measure how long main stayed green.
- Agent-minutes are the same quantity on both sides: the configured work time plus the measured time to edit, run the tests and commit, per task. In `on` the clock starts when the claim is granted.
- A cell reading `n/a` is a number this run cannot produce, not a zero. The log records why a steward rejected a submission only as text, which the harness does not parse, so `on` has no split of its rejections.

exit=0 end 07:40:41
